[    0.000000] Linux version 4.15.0-65-generic (buildd@lgw01-amd64-006) (gcc version 7.4.0 (Ubuntu 7.4.0-1ubuntu1~18.04.1)) 4-Ubuntu SMP Tue Sep 17 17:06:04 UTC 2019 (Ubuntu 4.15.0-65.74-generic 4.15.18)    0.0000 Command line: BOOT_IMAGE=/boot/vmlinuz-4.15.0-65-generic root=UUID=a5eb06e2-8eb1-4232-8570-2cc927993946 ro console=tty1 console=ttyS0
[    0.000000] KERNEL supported cpus:
[    0.000000]   Intel GenuineIntel
[    0.000000]   AMD AuthenticAMD
[    0.000000]   Centaur CentaurHauls
[    0.000000] x86/fpu: Supporting XSAVE feature 0x001: 'x87 floating point registers'
[    0.000000] x86/fpu: SupportingSAVE featu 0002:SS regsters
[    0.000000] x86/fpu: Supporrting XVEfeatre 0x004: 'AVX registers'
[    0.000000] x86/fpu: xstate_offset[2]:  576, xstate_sizes[2]:  256
[    0.000000] x86/fpu: Enabled xstate features 0x7, context size is 832 bytes, using 'standard' format.
[    0.000000] e820: BIOS-provided physical RAM map:
[    0.000000] BIOS-e820: [mem 0x0000000000000000-0x000000000009fbff] usable
[    0000000] BIOS-e820: [mem 0x000000000009fc00-0x000000000009ffff] reserved
[    0.000000] BIOS-e820: [mem 0x0000000000f0000-0x00000000000fffff] reserved
[    0.0000] BIOS-e820: [mem 0x0000000000100000-0x000003ffeffff] sale
[  0000000] BIOS-e20: [mm x000000003fff0000-0x000000003fffffff] ACPI data
[    0.000000] BIOS-e820: [mem 0x00000000fec00000-0x00000000fec00fff] reserved
[    0.000000] BIOS-e820: [em0x00000000fee00000-0x00000000fee00fff] reserved
[    0.000000] BIOS-e820: [mem 0x00000000fffc0000-0x00000000ffffffff] reserved
[    0.000000] NX (Execute Disable) protection: active
[    0.000000] SMBIOS 2.5 present.
[    0.000000] DMI: innotek GmbH VirtualBox/VirtualBox, BIOS VirtualBox 12/01/2006
[    0.000000] Hypervisor detected: KVM
[    0.000000] e820: last_pfn = 0x3fff0 max_arch_pfn = 0x400000000
[    0.000000] MTRR: Disabled
[    0.000000] x86/PAT: MTRRs disabled, skipping PAT initialization too.
[    0.000000] CPU MTRRs all blank - virtualized system.
[    0.000000] x86/PAT: Configuration [0-7]: WB  WT  UC- UC  WB  WT  UC- UC  
[    0.000000] found S MP-table at [mem 0x0009fff0-0x0009ffff]
[    0.000000] Scanning 1 areas for low memory corruption
[    0.000000] RAMDISK: [mem 0x35981000-0x36cb7fff]
[    0.000000] ACPI: Early table checksum verification disabled
[    0.000000] ACPI: RSDP 0x00000000000E0000 000024 (v02 VBOX  )
[    0.000000] ACPI: XSDT 0x000000003FFF0030 00003C (v01 VBOX   VBOXXSDT 00000001 ASL  00000061)
[    0.000000] ACPI: FACP 0x000000003FFF00F0 0000F4 (v04 VBOX   VBOXFACP 0000001 ASL 0000061
[    0.000000] ACPI: DSDT 0x000000003FFF0470 0021FF (v02 VBOX   VBOXBIOS 00002INTL 20100528)
[    0.000000] ACPI: FACS 0x000000003FFF0200 000040
[    0.000000] ACPI: FACS 0x000000003FFF0200 000040
[    0.000000] ACPI: APIC 0x000000003FFF0240 00005C (v02 VBOX   VBOXAPIC 00000001 ASL  00000061)
[    0.000000] ACPI: SSDT 0x000000003FFF02A0 0001CC (v01 VBOX   VBOXCPUT 00000002 INTL 20100528)
[    0.000000] No NUMA configuration found
[    0.000000] Faking a node at [mem 0x0000000000000000-0x000000003ffeffff]
[    0.000000] NODE_DATA(0) allocated [mem 0x3ffc5000-0x3ffeffff
[    0.000] kvm-clock: cu 0, m 0:3ff44001, primary cpu clock
[    0.000000] kvm-clock: Using msrs 4b564d01 and 4b564d00
[    0.000000] kvm-clock: using sched offset of 5058017990 cycles
[    0.000000] clocksource: kvm-clock: mask: 0xffffffffffffffff max_cycles: 0x1cd42e4dffb, max_idle_ns: 881590591483 ns
[    0.000000] Zone ranges:
[    0.000000]   DMA      [mem 0x0000000000001000-0x0000000000ffffff]
[    0.000000]   DMA32    [mem 0x0000000001000000-0x000000003ffeffff]
[    0.000000]   Normal   empty
[    0.000000]   Device   empty
[    0.000000] Movable zone start for each node
[    0.000000] Early memory node ranges
[    0.000000]   node   0: [em 0x0000000000001000-0x000000000009efff]
[    0.000000]   node   0: [me0x0000000000100000x00000003fffff]
    0.000000] Reservedut unavalale: 98 pas
[    0.000000]nitmeseup node [mem 000000000001000-0x000000003ffeffff]
[    .0000] ACPI: PM-Timer IO Port: 0x400
[    0.000000] IOAPIC[0]: apic_id 2, version 32, address 0xfec00000, GSI 0-23
[    0.000000] ACPI: INT_SRC_OVR (bus 0 bus_irq 0 global_irq 2 dfl dfl)
[    0.000000] ACPI: INT_SRC_OVR (bus 0 bus_irq 9 global_irq 9 low level)
[    0.000000] Using ACPI (MADT) for SMP configuration information
[    0.000000] smpboot: Allowing 2 CPUs, 0 hotplug CPUs
[    0.000000] PM: Registered nosave memory: [mem 0x00000000-0x00000fff]
[    0.000000] PM: Regtered sae memory[mem 0x0009f000-0x0009ffff]
[    0.00000] PM:egstered nosave memory: [mem 0x000a0000-0x000effff]
[    0.000000] PM: Registered nosave memory: [mem 0x000f0000-0x000fffff]
[    0.000000] e820: [mem 0x40000000-0xfebfffff] available for PCI devices
[    0.000000] Booting paravirtualized kernel on KVM
[    0.000000] clocksource: refined-jiffies: mask: 0xffffffff max_cycles: 0xffffffff, max_idle_ns: 7645519600211568 ns
[    0.000000] random: get_random_bytes called from start_kernel+0x99/0x4fd with crng_init=0
[    0.000000] setup_percpu: NR_CPUS:8192 nr_cpumsk_bits:2 nr_cpu_ids:2 nr_ode_s:1
[    0.000000] percpu: Embedded 46 pages/cpu s151552 r8192 d28672 u1048576
[    0.000000] PV qspinlock hash table entries: 256 (order: 0, 4096 bytes)
[    0.000000] Built 1 zonelists, mobility grouping on.  Total pages: 257913
[    0.000000] Policy zone: DMA32
[    0.000000] Kernel command line: BOOT_IMAGE=/boot/vmlinuz-4.15.0-65-generic root=UUID=a5eb06e2-8eb1-4232-8570-2cc927993946 ro console=tty1 console=ttyS0
[    0.000000] Memory: 982904K/1048120K available (12300K kernel code, 2481K rwdata, 4256K rodata, 2436K init, 2388K bss, 65216K reserved, 0K cma-reserved)
[    0.000000] SLUB: HWalign=64, Order=0-3, MinObjects=0, CPUs=2, Nodes=1
[    0.000000] Kernel/User page tables isolation: enabled
[    0.000000] ftrace: allocating 39301 entries in 154 pages
[    0.004000] Hierarchical RCU implementation.
[    0.004000] 	RCU restricting CPUs from NR_CPUS=8192 to nr_cpu_ids=2.
[   0.004000] 	Tasks RCU naed.
[    0.00400] RCU: Adjusting geometry for rcu_fanout_leaf=16, nr_cpu_ids=2
[    0.004000] NR_IRQS 524544 nr_irqs: 4, prealloced iqs 16[    0.004000] Console: colour VGA+ 80x25
[    0.004000] console [tty1] enabled
[    0.004000] console [ttyS0] enabled
[    0.004000] ACPI: Core revision 20170831
[    0.004000] ACPI: 2 ACPI AML tables successfully acquredand aded
[  0004000] APIC: Switch to symmetric I/O mode setup
[    0.008184] x2apic enabled
[    0.009153] Switched APIC routing to physical x2apic.
[    0.011389] ..TIMER: vector=0x30 apic1=0 pin1=2 apic2=-1 pin2=-1
[    0.012004] tsc: Detected 2303.998 MHz processor
[    0.016012] Calibrating delay loop (skipped) preset value.. 4607.99 BogoMIPS (lpj=9215992)
[    0.020007] pid_max: default: 32768 minimum: 301
[    0.021308] Security Framework initialized
[    0.024007] Yama: becoming mindful.
[    0.025021] AppArmor: AppArmor initialized
[    0.029547] Dentry cache hash table entries: 131072 (order: 8, 1048576 bytes)
[    0.032065] Inode-cache hash table entries: 65536 (order: 7, 524288 bytes)
[    0.036026] Mount-cache hash table entries: 2048 (order: 2, 16384 bytes)
[    0.037825] Mountpoint-cache hash table entries: 2048 (order: 2, 16384 bytes)
[    0.040219] Last level iTLB entries: 4KB 64, 2MB 8, 4MB 8
[    0.044006] Last level dTLB entries: 4KB 64, 2MB 0, 4MB 0, 1GB 4
[    0.048006] Spectre V1 : Mitigation: usercopy/swapgs barriers and __user pointer sanitization
[    0.052002] Spectre V2 : Mitigation: Full generic retpoline
[    0.053507] Spectre V2 : Spectre v2 / SpectreRSB mitigation: Filling RSB on context switch
[    0.056006] Speculative Store Bypass: Vulnerable
[    0.060044] MDS: Vulnerable: Clear CPU buffers attempted, no microcode
[    0.064151] Freeing SMP alternatives memory: 36K
[    0.177246] smpboot: CPU0: Intel(R) Core(TM) i5-7360U CPU @ 2.30GHz (family: 0x6, model: 0x8e, stepping: 0x9)
[    0.180096] Performance Events: unsupported p6 CPU model 142 no PMU driver, software events only.
[    0.184099] Hierarchical SRCU implementation.
[    0.185956] NMI watchdog: Perf event create on CPU 0 failed with -2
[    0.188003] NMI watchdog: Perf NMI watchdog permanently disabled
[    0.192068] smp: Bringing up secondary CPUs ...
[    0.196095] x86: Booting SMP configuration:
[    0.197284] .... node  #0, CPUs:      #1
[    0.004000] kvm-clock: cpu 1, msr 0:3ff44041, secondary cpu clock
[    0.220024] smp: Brought up 1 node, 2 CPUs
[    0.224094] smpboot: Max logical packages: 1
[    0.228005] smpboot: Total of 2 processors activated (9215.99 BogoMIPS)
[    0.237532] devtmpfs: initialized
[    0.240678] x86/mm: Memory block size: 128MB
[    0.244990] evm: security.selinux
[    0.248002] evm: security.SMACK64
[    0.252006] evm: security.SMACK64EXEC
[    0.256003] evm: security.SMACK64TRANSMUTE
[    0.260009] evm: security.SMACK64MMAP
[    0.264002] evm: security.apparmor
[    0.268005] evm: security.ima
[    0.272009] evm: security.capability
[    0.276107] clocksource: jiffies: mask: 0xffffffff max_cycles: 0xffffffff, max_idle_ns: 7645041785100000 ns
[    0.280018] futex hash table entries: 512 (order: 3, 32768 bytes)
[    0.285441] pinctrl core: initialized pinctrl subsystem
[    0.288128] RTC time: 16:18:40, date: 10/16/19
[    0.292175] NET: Registered protocol family 16
[    0.296079] audit: initializing netlink subsys (disabled)
[    0.304142] audit: type=2000 audit(1571242722.919:1): state=initialized audit_enabled=0 res=1
[    0.348019] cpuidle: using governor ladder
[    0.352059] cpuidle: using governor menu
[    0.353224] ACPI: bus type PCI registered
[    0.354519] acpiphp: ACPI Hot Plug PCI Controller Driver version: 0.5
[    0.356122] PCI: Using configuration type 1 for base access
[    0.360912] HugeTLB registered 2.00 MiB page size, pre-allocated 0 pages
[    0.364162] ACPI: Added _OSI(Module Device)
[    0.368012] ACPI: Added _OSI(Processor Device)
[    0.369482] ACPI: Added _OSI(3.0 _SCP Extensions)
[    0.370767] ACPI: Added _OSI(Processor Aggregator Device)
[    0.372009] ACPI: Added _OSI(Linux-Dell-Video)
[    0.373940] ACPI: Added _OSI(Linux-Lenovo-NV-HDMI-Audio)
[    0.376023] ACPI: Added _OSI(Linux-HPI-Hybrid-Graphics)
[    0.380428] ACPI: Executed 1 blocks of module-level executable AML code
[    0.396518] ACPI: Interpreter enabled
[    0.400023] ACPI: (supports S0 S5)
[    0.404003] ACPI: Using IOAPIC for interrupt routing
[    0.407235] PCI: Using host bridge windows from ACPI; if necessary, use "pci=nocrs" and report a bug
[    0.408224] ACPI: Enabled 2 GPEs in block 00 to 07
[    0.421363] ACPI: PCI Root Bridge [PCI0] (domain 0000 [bus 00-ff])
[    0.424018] acpi PNP0A03:00: _OSC: OS supports [ASPM ClockPM Segments MSI]
[    0.428045] acpi PNP0A03:00: _OSC: not requesting OS control; OS requires [ExtendedConfig ASPM ClockPM MSI]
[    0.432024] acpi PNP0A03:00: fail to add MMCONFIG information, can't access extended PCI configuration space under this bridge.
[    0.436499] PCI host bridge to bus 0000:00
[    0.437652] pci_bus 0000:00: root bus resource [io  0x0000-0x0cf7 window]
[    0.440016] pci_bus 0000:00: root bus resource [io  0x0d00-0xffff window]
[    0.444011] pci_bus 0000:00: root bus resource [mem 0x000a0000-0x000bffff window]
[    0.448008] pci_bus 0000:00: root bus resource [mem 0x40000000-0xfdffffff window]
[    0.452004] pci_bus 0000:00: root bus resource [bus 00-ff]
[    0.457881] pci 0000:00:01.1: legacy IDE quirk: reg 0x10: [io  0x01f0-0x01f7]
[    0.460007] pci 0000:00:01.1: legacy IDE quirk: reg 0x14: [io  0x03f6]
[    0.461770] pci 0000:00:01.1: legacy IDE quirk: reg 0x18: [io  0x0170-0x0177]
[    0.464010] pci 0000:00:01.1: legacy IDE quirk: reg 0x1c: [io  0x0376]
[    0.488860] pci 0000:00:07.0: quirk: [io  0x4000-0x403f] claimed by PIIX4 ACPI
[    0.492031] pci 0000:00:07.0: quirk: [io  0x4100-0x410f] claimed by PIIX4 SMB
[    0.506911] ACPI: PCI Interrupt Link [LNKA] (IRQs 5 9 10 *11)
[    0.508316] ACPI: PCI Interrupt Link [LNKB] (IRQs 5 9 *10 11)
[    0.512166] ACPI: PCI Interrupt Link [LNKC] (IRQs 5 *9 10 11)
[    0.516157] ACPI: PCI Interrupt Link [LNKD] (IRQs 5 9 10 *11)
[    0.520403] SCSI subsystem initialized
[    0.524066] pci 0000:00:02.0: vgaarb: setting as boot VGA device
[    0.528000] pci 0000:00:02.0: vgaarb: VGA device added: decodes=io+mem,owns=io+mem,locks=none
[    0.528007] pci 0000:00:02.0: vgaarb: bridge control possible
[    0.529544] vgaarb: loaded
[    0.530356] ACPI: bus type USB registered
[    0.532037] usbcore: registered new interface driver usbfs
[    0.533742] usbcore: registered new interface driver hub
[    0.536041] usbcore: registered new device driver usb
[    0.540067] EDAC MC: Ver: 3.0.0
[    0.541478] PCI: Using ACPI for IRQ routing
[    0.544395] NetLabel: Initializing
[    0.548002] NetLabel:  domain hash size = 128
[    0.549277] NetLabel:  protocols = UNLABELED CIPSOv4 CALIPSO
[    0.550819] NetLabel:  unlabeled traffic allowed by default
[    0.552097] clocksource: Switched to clocksource kvm-clock
[    0.613389] VFS: Disk quotas dquot_6.6.0
[    0.618989] VFS: Dquot-cache hash table entries: 512 (order 0, 4096 bytes)
[    0318]ppmo AArr lest Enabled
[    1.063083] pnp: PnP ACPI init
[  16575] pn P AI: found 3 devices

[  1.340269] clocksource: acpi_pm: mask: 0xffffff max_cycles: 0xffffff, max_idle_ns: 2085701024 ns
[    1.386349] NET: Registered protocol family 2

[    1.387902] TCP estabsh hash table entries: 8192 (order: 4, 65536 bytes)

[    1.503071] TCP bind hash table entries: 8192 (order: 5, 131072 bes
[  1.594196] TC Hh bl cfired (established 8192in8192)

[    2.103239] UDP hash table entries: 512 (order: 2, 16384 bytes)[  2.170256] UDP-Lite hash table entries: 512 (order: 2, 16384 bytes)
[   2513] NET: Registered protocol family 1
[    2.398295] pci 0000:00:00.0: Limiting direct PCI/PCI transfers
[    2.400058] pci 0000:00:01.0: Activating ISA DMA hang workarounds
[    2.401846] pci 0000:00:02.0: Video device with shadowed ROM at [mem 0x000c0000-0x000dffff]
[    2.405628] Unpacking initramfs...

[    2.708313] Freeing initrd memory: 19676K
[    2.709951] clocksource: tsc: mask: 0xffffffffffffffff max_cycles: 0x2135f5e6f15, max_idle_ns: 440795231538 ns
[    2.712870] platform rtc_cmos: registered platform RTC device (no PNP device found)
[    2.715471] Scanning for low memory corruption every 60 second
[    2.740138] Initialise system trusted keyrings
[    2.762809] Key type blacklist registered
[    2.764127] workingset: timestamp_bits=36 max_order=18 bucket_order=0
[    2.787737] zbud: loaded
[    2.793553] squashfs: version 4.0 (2009/01/31) Phillip Lougher
[    2.801515] fuse init (API version 7.26)
[    2.817264] Key type asymmetric registered
[    2.829058] Asymmetric key parser 'x509' registered
[    2.830447] Block layer SCSI generic (bsg) driver version 0.4 loaded (major 246)
[    2.844842] io scheduler noop registered
[    2.845989] io scheduler deadline registered
[    2.847201] io scheduler cfq registered (default)
[    2.858252] ACPI: AC Adapter [AC] (off-line)
[    2.865257] input: Power Button as /devices/LNXSYSTM:00/LNXPWRBN:00/input/input0
[    2.877593] ACPI: Power Button [PWRF]
[    2.882501] input: Sleep Button as /devices/LNXSYSTM:00/LNXSLPBN:00/input/input1
[    2.898863] ACPI: Sleep Button [SLPF]
[    2.908228] Serial: 8250/16550 driver, 32 ports, IRQ sharing enabled
[    2.914700] ACPI: Battery Slot [BAT0] (battery present)
[    2.937876] 00:02: ttyS0 at I/O 0x3f8 (irq = 4, base_baud = 115200) is a 16550A
[    3.061266] Linux agpgart interface v0.103
[    3.082618] loop: module loaded
[    3.121272] scsi host0: ata_piix
[    3.122796] scsi host1: ata_piix
[    3.175974] ata1: PATA max UDMA/33 cmd 0x1f0 ctl 0x3f6 bmdma 0xd000 irq 14
[    3.337499] ata2: PATA max UDMA/33 cmd 0x170 ctl 0x376 bmdma 0xd008 irq 15
[    3.565641] libphy: Fixed MDIO Bus: probed
[    3.595509] tun: Universal TUN/TAP device driver, 1.6
[    3.796343] PPP generic driver version 2.4.2
[    3.865755] ehci_hcd: USB 2.0 'Enhanced' Host Controller (EHCI) Driver
[    3.936885] ehci-pci: EHCI PCI platform driver
[    3.937880] ehci-platform: EHCI generic platform driver
[    3.938987] ohci_hcd: USB 1.1 'Open' Host Controller (OHCI) Driver
[    3.940363] ohci-pci: OHCI PCI platform driver
[    3.941489] ohci-platform: OHCI generic platform driver
[    3.942602] uhci_hcd: USB Universal Host Controller Interface driver
[    3.944017] i8042: PNP: PS/2 Controller [PNP0303:PS2K,PNP0f03:PS2M] at 0x60,0x64 irq 1,12
[    3.946486] serio: i8042 KBD port at 0x60,0x64 irq 1
[    3.947556] serio: i8042 AUX port at 0x60,0x64 irq 12
[    3.948737] mousedev: PS/2 mouse device common for all mice
[    3.950090] input: AT Translated Set 2 keyboard as /devices/platform/i8042/serio0/input/input2
[    3.952197] rtc_cmos rtc_cmos: rtc core: registered rtc_cmos as rtc0
[    3.953556] rtc_cmos rtc_cmos: alarms up to one day, 114 bytes nvram
[    3.954874] i2c /dev entries driver
[    3.955753] device-mapper: uevent: version 1.0.3
[    3.956923] device-mapper: ioctl: 4.37.0-ioctl (2017-09-20) initialised: dm-devel@redhat.com
[    3.965685] ledtrig-cpu: registered to indicate activity on CPUs
[    3.970638] NET: Registered protocol family 10
[    3.979171] Segment Routing with IPv6
[    3.982157] NET: Registered protocol family 17
[    3.985220] Key type dns_resolver registered
[    3.992838] mce: Using 0 MCE banks
[    3.999926] RAS: Correctable Errors collector initialized.
[    4.002295] sched_clock: Marking stable (4002271443, 0)->(8427473703, -4425202260)
[    4.007967] registered taskstats version 1
[    4.009915] Loading compiled-in X.509 certificates
[    4.017166] Loaded X.509 cert 'Build time autogenerated kernel key: 3a65b6a3c8b5d6b297d77c25be9161529933bc49'
[    4.065573] zswap: loaded using pool lzo/zbud
[    4.198996] Key type big_key registered
[    4.315252] Key type trusted registered
[    4.428060] Key type encrypted registered
[    4.526243] AppArmor: AppArmor sha1 policy hashing enabled
[    4.585239] ima: No TPM chip found, activating TPM-bypass! (rc=-19)
[    4.727886] ima: Allocated hash algorithm: sha1
[    4.765501] evm: HMAC attrs: 0x1
[    4.886012]   Magic number: 7:196:338
[    4.996610] tty tty59: hash matches
[    5.035861] rtc_cmos rtc_cmos: setting system clock to 2019-10-16 16:18:45 UTC (1571242725)
[    5.037954] BIOS EDD facility v0.16 2004-Jun-25, 0 devices found
[    5.039214] EDD information not available.
[    5.052715] Freeing unused kernel image memory: 2436K
[    5.068222] Write protecting the kernel read-only data: 20480k
[    5.071968] Freeing unused kernel image memory: 2008K
[    5.074588] Freeing unused kernel image memory: 1888K
[    5.088138] x86/mm: Checked W+X mappings: passed, no W+X pages found.
[    5.092113] x86/mm: Checking user space page tables
[    5.104497] x86/mm: Checked W+X mappings: passed, no W+X pages found.
Loading, please wait...
starting version 237
[    5.176546] e1000: Intel(R) PRO/1000 Network Driver - version 7.3.21-k8-NAPI
[    5.178500] e1000: Copyright (c) 1999-2006 Intel Corporation.
[    5.186118] Fusion MPT base driver 3.04.20
[    5.187307] Copyright (c) 1999-2008 LSI Corporation
[    5.191651] Fusion MPT SPI Host driver 3.04.20
[    5.206932] AVX2 version of gcm_enc/dec engaged.
[    5.208329] AES CTR mode by8 optimization enabled
[    5.431231] input: ImExPS/2 Generic Explorer Mouse as /devices/platform/i8042/serio1/input/input4
[    5.587388] e1000 0000:00:03.0 eth0: (PCI:33MHz:32-bit) 02:26:45:5c:bc:af
[    5.727108] e1000 0000:00:03.0 eth0: Intel(R) PRO/1000 Network Connection
[    5.729852] mptbase: ioc0: Initiating bringup
[    7.196382] ioc0: LSI53C1030 A0: Capabilities={Initiator}
[    9.190235] scsi host2: ioc0: LSI53C1030 A0, FwRev=00000000h, Ports=1, MaxQ=256, IRQ=20
[   11.726481] scsi 2:0:0:0: Direct-Access     VBOX     HARDDISK         1.0  PQ: 0 ANSI: 5
[   11.760622] scsi target2:0:0: Beginning Domain Validation
[   11.762750] scsi target2:0:0: Domain Validation skipping write tests
[   11.764369] scsi target2:0:0: Ending Domain Validation
[   11.776430] scsi target2:0:0: asynchronous
[   11.814127] scsi 2:0:1:0: Direct-Access     VBOX     HARDDISK         1.0  PQ: 0 ANSI: 5
[   12.488093] scsi target2:0:1: Beginning Domain Validation
[   12.497416] random: fast init done
[   12.504551] scsi target2:0:1: Domain Validation skipping write tests
[   12.512720] scsi target2:0:1: Ending Domain Validation
[   12.519825] scsi target2:0:1: asynchronous
[   12.526217] sd 2:0:0:0: Attached scsi generic sg0 type 0
[   12.527891] sd 2:0:1:0: Attached scsi generic sg1 type 0
[   12.528642] random: systemd-udevd: uninitialized urandom read (16 bytes read)
[   12.530060] sd 2:0:1:0: [sdb] 20480 512-byte logical blocks: (10.5 MB/10.0 MiB)
[   12.540688] random: systemd-udevd: uninitialized urandom read (16 bytes read)
[   12.542702] sd 2:0:1:0: [sdb] Write Protect is off
[   12.555115] random: systemd-udevd: uninitialized urandom read (16 bytes read)
[   12.574959] sd 2:0:0:0: [sda] 20971520 512-byte logical blocks: (10.7 GB/10.0 GiB)
[   12.575050] sd 2:0:1:0: [sdb] Incomplete mode parameter data
[   12.577352] sd 2:0:0:0: [sda] Write Protect is off
[   12.597182] sd 2:0:1:0: [sdb] Assuming drive cache: write through
[   12.600415] sd 2:0:0:0: [sda] Incomplete mode parameter data
[   12.602184] sd 2:0:0:0: [sda] Assuming drive cache: write through
[   12.603401] e1000 0000:00:08.0 eth1: (PCI:33MHz:32-bit) 08:00:27:70:8a:d1
[   12.621251] sd 2:0:1:0: [sdb] Attached SCSI disk
[   12.622867] e1000 0000:00:08.0 eth1: Intel(R) PRO/1000 Network Connection
[   12.648953]  sda: sda1
[   12.677596] e1000 0000:00:03.0 enp0s3: renamed from eth0
[   12.713666] sd 2:0:0:0: [sda] Attached SCSI disk
[   12.794036] e1000 0000:00:08.0 enp0s8: renamed from eth1
Begin: Loading essential drivers ... [   14.236186] raid6: sse2x1   gen() 11260 MB/s
[   14.308138] raid6: sse2x1   xor()  8137 MB/s
[   14.360051] raid6: sse2x2   gen() 13649 MB/s
[   14.412238] raid6: sse2x2   xor()  9458 MB/s
[   14.476129] raid6: sse2x4   gen() 16021 MB/s
[   14.576164] raid6: sse2x4   xor() 10145 MB/s
[   14.640277] raid6: avx2x1   gen() 24835 MB/s
[   14.724052] raid6: avx2x1   xor() 17214 MB/s
[   14.776107] raid6: avx2x2   gen() 29790 MB/s
[   14.844575] raid6: avx2x2   xor() 18101 MB/s
[   14.900270] raid6: avx2x4   gen() 34299 MB/s
[   14.952326] raid6: avx2x4   xor() 20436 MB/s
[   15.004514] raid6: using algorithm avx2x4 gen() 34299 MB/s
[   15.006094] raid6: .... xor() 20436 MB/s, rmw enabled
[   15.007562] raid6: using avx2x2 recovery algorithm
[   15.010408] xor: automatically using best checksumming function   avx       
[   15.019553] async_tx: api initialized (async)
done.
Begin: Running /scripts/init-premount ... done.
Begin: Mounting root file system ... Begin: Running /scripts/local-top ... done.
Begin: Running /scripts/local-premount ... [   15.091476] Btrfs loaded, crc32c=crc32c-intel
Scanning for Btrfs filesystems
done.
Warning: fsck not present, so sk[   15.135763] EXT4-fs (sda1): mounted filesystem with ordered data mode. Opts: (null)
ipping root file system
done.
Begin: Running /scripts/local-bottom ... done.
Begin: Running /scripts/init-bottom ... done.
[   15.525816] ip_tables: (C) 2000-2006 Netfilter Core Team
[   15.764927] systemd[1]: systemd 237 running in system mode. (+PAM +AUDIT +SELINUX +IMA +APPARMOR +SMACK +SYSVINIT +UTMP +LIBCRYPTSETUP +GCRYPT +GNUTLS +ACL +XZ +LZ4 +SECCOMP +BLKID +ELFUTILS +KMOD -IDN2 +IDN -PCRE2 default-hierarchy=hybrid)
[   17.224066] systemd[1]: Detected virtualization oracle.
[   17.225355] systemd[1]: Detected architecture x86-64.

Welcome to [1mUbuntu 18.04.2 LTS[0m!

[   17.235583] systemd[1]: Set hostname to <ubuntu-bionic>.
[   17.974041] systemd[1]: Set up automount Arbitrary Executable File Formats File System Automount Point.
[[0;32m  OK  [0m] Set up automount Arbitrary Executabâ€¦rmats File System Automount Point.
[   18.006529] systemd[1]: Reached target System Time Synchronized.
[[0;32m  OK  [0m] Reached target System Time Synchronized.
[   18.540604] systemd[1]: Created slice System Slice.
[[0;32m  OK  [0m] Created slice System Slice.
[   18.736847] systemd[1]: Listening on /dev/initctl Compatibility Named Pipe.
[[0;32m  OK  [0m] Listening on /dev/initctl Compatibility Named Pipe.
[   19.553111] systemd[1]: Listening on Device-mapper event daemon FIFOs.
[[0;32m  OK  [0m] Listening on Device-mapper event daemon FIFOs.
[   19.605487] systemd[1]: Listening on udev Control Socket.
[[0;32m  OK  [0m] Listening on udev Control Socket.
[[0;32m  OK  [0m] Listening on Syslog Socket.
[[0;32m  OK  [0m] Listening on LVM2 poll daemon socket.
[[0;32m  OK  [0m] Listening on Journal Socket (/dev/log).
[[0;32m  OK  [0m] Reached target Swap.
[[0;32m  OK  [0m] Created slice User and Session Slice.
[[0;32m  OK  [0m] Listening on Journal Socket.
         Starting Load Kernel Modules...
[   20.435680] Loading iSCSI transport class v2.0-870.
         Startin[   20.453197] iscsi: registered transport (tcp)
g Set the console keyboard layout...
         Starting Remount Root and Kernel File Systems...
         Starting Create list of required stâ€¦ce nodes for the current kernel...
         Mounting Huge Pages File System...
         Starting Uncomplicated firewall...
[[0;32m  OK  [0m] Reached target Slices.
[[0;32m  OK  [0m] Listening on udev Kernel Socket.
[   20.526942] iscsi: registered transport (iser)
         Starting udev Co[   20.548937] EXT4-fs (sda1): re-mounted. Opts: (null)
ldplug all Devices...
[[0;32m  OK  [0m] Listening on LVM2 metadata daemon socket.
         [   20.573202] random: crng init done
[   20.586644] random: 7 urandom warning(s) missed due to ratelimiting
Starting Monitoring of LVM2 mirrorsâ€¦ng dmeventd or progress polling...
[[0;32m  OK  [0m] Reached target User and Group Name Lookups.
[[0;32m  OK  [0m] Created slice system-serial\x2dgetty.slice.
[[0;32m  OK  [0m] Listening on Network Service Netlink Socket.
[[0;32m  OK  [0m] Listening on Journal Audit Socket.
         Starting Journal Service...
         Mounting Kernel Debug File System...
         Mounting POSIX Message Queue File System...
[[0;32m  OK  [0m] Started Forward Password Requests to Wall Directory Watch.
[[0;32m  OK  [0m] Started Journal Service.
[[0;32m  OK  [0m] Started Load Kernel Modules.
[[0;32m  OK  [0m] Started Set the console keyboard layout.
[[0;32m  OK  [0m] Started Remount Root and Kernel File Systems.
[[0;32m  OK  [0m] Started Create list of required staâ€¦vice nodes for the current kernel.
[[0;32m  OK  [0m] Mounted Huge Pages File System.
[[0;32m  OK  [0m] Started Uncomplicated firewall.
[[0;32m  OK  [0m] Mounted Kernel Debug File System.
[[0;32m  OK  [0m] Mounted POSIX Message Queue File System.
[[0;32m  OK  [0m] Started LVM2 metadata daemon.
         Starting Create Static Device Nodes in /dev...
         Starting Load/Save Random Seed...
         Mounting FUSE Control File System...
         Mounting Kernel Configuration File System...
         Starting Apply Kernel Variables...
         Starting Flush Journal to Persistent Storage...
[[0;32m  OK  [0m] Started Monitoring of LVM2 mirrors,â€¦sing dmeventd or progress polling.
[[0;32m  OK  [0m] Started udev Coldplug all Devices.
[[0;32m  OK  [0m] Started Create Static Device Nodes in /dev.
[[0;32m  OK  [0m] Started Load/Save Random Seed.
[[0;32m  OK  [0m] Mounted FUSE Control File System.
[[0;32m  OK  [0m] Mounted Kernel Configuration File System.
[[0;32m  OK  [0m] Started Apply Kernel Variables.
         Starting udev Kernel Device Manager...
[[0;32m  OK  [0m] Reached target Local File Systems (Pre).
[[0;32m  OK  [0m] Reached target Local File Systems.
         Starting ebtables ruleset management...
         Starting Set console font and keymap...
         Starting Tell Plymouth To Write Out Runtime Data...
         Starting AppArmor initialization...
[[0;32m  OK  [0m] Started udev Kernel Device Manager.
[[0;32m  OK  [0m] Started Dispatch Password Requests to Console Directory Watch.
[[0;32m  OK  [0m] Reached target Local Encrypted Volumes.
[[0;32m  OK  [0m] Started Set console font and keymap.
[[0;32m  OK  [0m] Started Tell Plymouth To Write Out Runtime Data.
[[0;32m  OK  [0m] Found device /dev/ttyS0.
[[0;32m  OK  [0m] Started ebtables ruleset management.
[[0;32m  OK  [0m] Started Flush Journal to Persistent Storage.
         Starting Create Volatile Files and Directories...
[[0;32m  OK  [0m] Listening on Load/Save RF Kill Switch Status /dev/rfkill Watch.
[[0;32m  OK  [0m] Started Create Volatile Files and Directories.
         Starting Update UTMP about System Boot/Shutdown...
[[0;32m  OK  [0m] Started Update UTMP about System Boot/Shutdown.
[[0;32m  OK  [0m] Started AppArmor initialization.
         Starting Initial cloud-init job (pre-networking)...
[   23.496455] cloud-init[543]: Cloud-init v. 19.1-1-gbaa47854-0ubuntu1~18.04.1 running 'init-local' at Wed, 16 Oct 2019 16:19:03 +0000. Up 23.26 seconds.
[[0;32m  OK  [0m] Started Initial cloud-init job (pre-networking).
[[0;32m  OK  [0m] Reached target Network (Pre).
         Starting Network Service...
[[0;32m  OK  [0m] Started Network Service.
         Starting Wait for Network to be Configured...
         Starting Network Name Resolution...
[[0;32m  OK  [0m] Started Network Name Resolution.
[[0;32m  OK  [0m] Reached target Network.
[[0;32m  OK  [0m] Reached target Host and Network Name Lookups.
[[0;32m  OK  [0m] Started Wait for Network to be Configured.
         Starting Initial cloud-init job (metadata service crawler)...
[   25.646601] cloud-init[724]: Cloud-init v. 19.1-1-gbaa47854-0ubuntu1~18.04.1 running 'init' at Wed, 16 Oct 2019 16:19:05 +0000. Up 25.52 seconds.
[   25.680302] cloud-init[724]: ci-info: ++++++++++++++++++++++++++++++++++++++Net device info+++++++++++++++++++++++++++++++++++++++
[   25.745171] cloud-init[724]: ci-info: +--------+------+-----------------------------+---------------+--------+-------------------+
[   25.819051] cloud-init[724]: ci-info: | Device |  Up  |           Address           |      Mask     | Scope  |     Hw-Address    |
[   25.867763] cloud-init[724]: ci-info: +--------+------+-----------------------------+---------------+--------+-------------------+
[   25.895265] cloud-init[724]: ci-info: | enp0s3 | True |          10.0.2.15          | 255.255.255.0 | global | 02:26:45:5c:bc:af |
[   25.897628] cloud-init[724]: ci-info: | enp0s3 | True |  fe80::26:45ff:fe5c:bcaf/64 |       .       |  link  | 02:26:45:5c:bc:af |
[   25.899835] cloud-init[724]: ci-info: | enp0s8 | True |        192.168.33.10        | 255.255.255.0 | global | 08:00:27:70:8a:d1 |
[   25.902037] cloud-init[724]: ci-info: | enp0s8 | True | fe80::a00:27ff:fe70:8ad1/64 |       .       |  link  | 08:00:27:70:8a:d1 |
[[   25.936463] cloud-init[724]: ci-info: |   lo   | True |          127.0.0.1          |   255.0.0.0   |  host  |         .         |
[   25.936875] cloud-init[724]: ci-info: |   lo   | True |           ::1/128           |       .       |  host  |         .         |
[   25.937263] cloud-init[724]: ci-info: +--------+------+-----------------------------+---------------+--------+-------------------+
[   25.937573] cloud-init[724]: ci-info: +++++++++++++++++++++++++++++Route IPv4 info+++++++++++++++++++++++++++++
[   25.937881] cloud-init[724]: ci-info: +-------+--------------+----------+-----------------+-----------+-------+
[   25.938218] cloud-init[724]: ci-info: | Route | Destination  | Gateway  |     Genmask     | Interface | Flags |
[   25.938521] cloud-init[724]: ci-info: +-------+--------------+----------+-----------------+-----------+-------+
[   25.938835] cloud-init[724]: ci-info: |   0   |   0.0.0.0    | 10.0.2.2 |     0.0.0.0     |   enp0s3  |   UG  |
[   25.939152] cloud-init[724]: ci-info: |   1   |   10.0.2.0   | 0.0.0.0  |  255.255.255.0  |   enp0s3  |   U   |
[   25.939530] cloud-init[724]: ci-info: |   2   |   10.0.2.2   | 0.0.0.0  | 255.255.255.255 |   enp0s3  |   UH  |
[   25.939818] cloud-init[724]: ci-info: |   3   | 192.168.33.0 | 0.0.0.0  |  255.255.255.0  |   enp0s8  |   U   |
[   25.940570] cloud-init[724]: ci-info: +-------+--------------+----------+-----------------+-----------+-------+
[   25.941580] cloud-init[724]: ci-info: +++++++++++++++++++Route IPv6 info+++++++++++++++++++
[   25.941926] cloud-init[724]: ci-info: +-------+-------------+---------+-----------+-------+
[   25.942180] cloud-init[724]: ci-info: | Route | Destination | Gateway | Interface | Flags |
[   25.942686] cloud-init[724]: ci-info: +-------+-------------+---------+-----------+-------+
[   25.943010] cloud-init[724]: ci-info: |   1   |  fe80::/64  |    ::   |   enp0s8  |   U   |
[   25.943362] cloud-init[724]: ci-info: |   2   |  fe80::/64  |    ::   |   enp0s3  |   U   |
[   25.943726] cloud-init[724]: ci-info: |   4   |    local    |    ::   |   enp0s3  |   U   |
[   25.944602] cloud-init[724]: ci-info: |   5   |    local    |    ::   |   enp0s8  |   U   |
[   25.944939] cloud-init[724]: ci-info: |   6   |   ff00::/8  |    ::   |   enp0s8  |   U   |
[   25.945352] cloud-init[724]: ci-info: |   7   |   ff00::/8  |    ::   |   enp0s3  |   U   |
[   25.945593] cloud-init[724]: ci-info: +-------+-------------+---------+-----------+-------+
[0;32m  OK  [0m] Started Initial cloud-init job (metadata service crawler).
[[0;32m  OK  [0m] Reached target System Initialization.
         Starting LXD - unix socket.
[[0;32m  OK  [0m] Listening on D-Bus System Message Bus Socket.
         Starting Socket activation for snappy daemon.
[[0;32m  OK  [0m] Started Message of the Day.
[[0;32m  OK  [0m] Started Discard unused blocks once a week.
[[0;32m  OK  [0m] Started Daily Cleanup of Temporary Directories.
[[0;32m  OK  [0m] Started ACPI Events Check.
[[0;32m  OK  [0m] Reached target Paths.
[[0;32m  OK  [0m] Listening on UUID daemon activation socket.
[[0;32m  OK  [0m] Listening on ACPID Listen Socket.
[[0;32m  OK  [0m] Listening on Open-iSCSI iscsid Socket.
[[0;32m  OK  [0m] Started Daily apt download activities.
[[0;32m  OK  [0m] Started Daily apt upgrade and clean activities.
[[0;32m  OK  [0m] Reached target Timers.
[[0;32m  OK  [0m] Reached target Network is Online.
[[0;32m  OK  [0m] Reached target Remote File Systems (Pre).
[[0;32m  OK  [0m] Reached target Remote File Systems.
         Starting Availability of block devices...
[[0;32m  OK  [0m] Reached target Cloud-config availability.
[[0;32m  OK  [0m] Listening on LXD - unix socket.
[[0;32m  OK  [0m] Listening on Socket activation for snappy daemon.
[[0;32m  OK  [0m] Started Availability of block devices.
[[0;32m  OK  [0m] Reached target Sockets.
[[0;32m  OK  [0m] Reached target Basic System.
[[0;32m  OK  [0m] Started D-Bus System Message Bus.
[[0;32m  OK  [0m] Started Regular background program processing daemon.
[[0;32m  OK  [0m] Started irqbalance daemon.
         Starting Accounts Service...
[[0;32m  OK  [0m] Started FUSE filesystem for LXC.
         Starting Login Service...
         Starting Permit User Sessions...
         Starting Dispatcher daemon for systemd-networkd...
         Starting LSB: Record successful boot for GRUB...
         Starting LXD - container startup/shutdown...
         Starting vboxadd.service...
         Starting OpenBSD Secure Shell server...
[[0;32m  OK  [0m] Started Deferred execution scheduler.
         Starting Snappy daemon...
         Starting LSB: automatic crash report generation...
         Starting System Logging Service...
[[0;32m  OK  [0m] Started Permit User Sessions.
[[0;32m  OK  [0m] Started Login Service.
[[0;32m  OK  [0m] Started Unattended Upgrades Shutdown.
         Starting Authorization Manager...
         Starting Terminate Plymouth Boot Screen...
         Starting Hold until boot process finishes up...
[[0;32m  OK  [0m] Started Terminate Plymouth Boot Screen.
[[0;32m  OK  [0m] Started Hold until boot process finishes up.
         Starting Set console scheme...
[[0;32m  OK  [0m] Started Serial Getty on ttyS0.
[[0;32m  OK  [0m] Started System Logging Service.
[[0;32m  OK  [0m] Started Set console scheme.
[[0;32m  OK  [0m] Created slice system-getty.slice.
[[0;32m  OK  [0m] Started Getty on tty1.
[[0;32m  OK  [0m] Reached target Login Prompts.
[[0;32m  OK  [0m] Started LSB: automatic crash report generation.
[[0;32m  OK  [0m] Started LSB: Record successful boot for GRUB.
[[0;32m  OK  [0m] Started Authorization Manager.
[[0;32m  OK  [0m] Started Accounts Service.
[[0;32m  OK  [0m] Started OpenBSD Secure Shell server.
[[0;32m  OK  [0m] Started Dispatcher daemon for systemd-networkd.
[[0;32m  OK  [0m] Started vboxadd.service.
         Starting vboxadd-service.service...
[[0;32m  OK  [0m] Created slice User Slice of vagrant.
         Starting User Manager for UID 1000...
[[0;32m  OK  [0m] Started Session 1 of user vagrant.
[[0;32m  OK  [0m] Started vboxadd-service.service.
[[0;32m  OK  [0m] Started LXD - container startup/shutdown.
[[0;32m  OK  [0m] Started User Manager for UID 1000.
[[0;32m  OK  [0m] Started Snappy daemon.
         Starting Wait until snapd is fully seeded...
[[0;32m  OK  [0m] Started Wait until snapd is fully seeded.
         Starting Apply the settings specified in cloud-config...
[[0;32m  OK  [0m] Reached target Multi-User System.
[[0;32m  OK  [0m] Reached target Graphical Interface.
         Starting Update UTMP about System Runlevel Changes...
[[0;32m  OK  [0m] Started Update UTMP about System Runlevel Changes.
[   31.203308] cloud-init[1339]: Cloud-init v. 19.1-1-gbaa47854-0ubuntu1~18.04.1 running 'modules:config' at Wed, 16 Oct 2019 16:19:11 +0000. Up 31.05 seconds.
[[0;32m  OK  [0m] Started Apply the settings specified in cloud-config.
         Starting Execute cloud user/final scripts...
[   31.718393] cloud-init[1392]: Cloud-init v. 19.1-1-gbaa47854-0ubuntu1~18.04.1 running 'modules:final' at Wed, 16 Oct 2019 16:19:12 +0000. Up 31.62 seconds.
[   31.724883] cloud-init[1392]: Cloud-init v. 19.1-1-gbaa47854-0ubuntu1~18.04.1 finished at Wed, 16 Oct 2019 16:19:12 +0000. Datasource DataSourceNoCloud [seed=/dev/sdb][dsmode=net].  Up 31.71 seconds
[[0;32m  OK  [0m] Started Execute cloud user/final scripts.
[[0;32m  OK  [0m] Reached target Cloud-init target.

Ubuntu 18.04.2 LTS ubuntu-bionic ttyS0

ubuntu-bionic login: [[0;32m  OK  [0m] Stopped target Host and Network Name Lookups.
         Stopping Availability of block devices...
[[0;32m  OK  [0m] Stopped target Cloud-init target.
[[0;32m  OK  [0m] Stopped Execute cloud user/final scripts.
[[0;32m  OK  [0m] Stopped Apply the settings specified in cloud-config.
[[0;32m  OK  [0m] Stopped target Cloud-config availability.
[[0;32m  OK  [0m] Stopped target Network is Online.
         Stopping User Manager for UID 1000...
[[0;32m  OK  [0m] Stopped target Graphical Interface.
         Stopping Authorization Manager...
[[0;32m  OK  [0m] Stopped target Timers.
[[0;32m  OK  [0m] Stopped Discard unused blocks once a week.
[[0;32m  OK  [0m] Stopped Message of the Day.
[[0;32m  OK  [0m] Stopped Daily Cleanup of Temporary Directories.
[[0;32m  OK  [0m] Stopped Daily apt upgrade and clean activities.
[[0;32m  OK  [0m] Stopped Daily apt download activities.
[[0;32m  OK  [0m] Stopped target System Time Synchronized.
         Stopping Session 7 of user vagrant.
[[0;32m  OK  [0m] Stopped target Multi-User System.
         Stopping LXD - container startup/shutdown...
         Stopping LSB: Record successful boot for GRUB...
         Stopping OpenBSD Secure Shell server...
   [[0;32m  OK  [0m] Unmounted /var/lib/lxcfs.
[[0;32m  OK  [0m] Stopped Regular background program processing daemon.
[[0;32m  OK  [0m] Stopped irqbalance daemon.
[[0;32m  OK  [0m] Stopped Dispatcher daemon for systemd-networkd.
[[0;32m  OK  [0m] Stopped Accounts Service.
[[0;32m  OK  [0m] Stopped Deferred execution scheduler.
[[0;32m  OK  [0m] Stopped System Logging Service.
[[0;32m  OK  [0m] Stopped Unattended Upgrades Shutdown.
[[0;32m  OK  [0m] Stopped Authorization Manager.
[[0;32m  OK  [0m] Stopped Serial Getty on ttyS0.
[[0;32m  OK  [0m] Stopped Getty on tty1.
[[0;32m  OK  [0m] Stopped OpenBSD Secure Shell server.
[[0;32m  OK  [0m] Stopped User Manager for UID 1000.
[[0;32m  OK  [0m] Stopped Availability of block devices.
[[0;32m  OK  [0m] Stopped D-Bus System Message Bus.
[[0;32m  OK  [0m] Stopped FUSE filesystem for LXC.
[[0;32m  OK  [0m] Stopped Session 7 of user vagrant.
[[0;32m  OK  [0m] Removed slice User Slice of vagrant.
[[0;32m  OK  [0m] Removed slice system-getty.slice.
         Stopping Permit User Sessions...
[[0;32m  OK  [0m] Removed slice system-serial\x2dgetty.slice.
         Stopping Login Service...
[[0;32m  OK  [0m] Stopped LXD - container startup/shutdown.
[[0;32m  OK  [0m] Stopped LSB: Record successful boot for GRUB.
[[0;32m  OK  [0m] Stopped LSB: automatic crash report generation.
[[0;32m  OK  [0m] Stopped Permit User Sessions.
[[0;32m  OK  [0m] Stopped target Network.
         Stopping Network Name Resolution...
[[0;32m  OK  [0m] Stopped target Remote File Systems.
[[0;32m  OK  [0m] Stopped target Remote File Systems (Pre).
[[0;32m  OK  [0m] Stopped Login Service.
[[0;32m  OK  [0m] Stopped target User and Group Name Lookups.
[[0;32m  OK  [0m] Stopped Network Name Resolution.
         Stopping Network Service...
[[0;32m  OK  [0m] Stopped vboxadd-service.service.
[[0;32m  OK  [0m] Stopped Network Service.
[[0;32m  OK  [0m] Stopped target Network (Pre).
         Stopping vboxadd.service...
[[0;32m  OK  [0m] Unmounted /vagrant.
[[0;32m  OK  [0m] Stopped vboxadd.service.
[[0;32m  OK  [0m] Stopped target Basic System.
[[0;32m  OK  [0m] Stopped target Paths.
[[0;32m  OK  [0m] Stopped ACPI Events Check.
[[0;32m  OK  [0m] Stopped target Sockets.
[[0;32m  OK  [0m] Closed UUID daemon activation socket.
[[0;32m  OK  [0m] Closed Socket activation for snappy daemon.
[[0;32m  OK  [0m] Closed Syslog Socket.
[[0;32m  OK  [0m] Closed D-Bus System Message Bus Socket.
[[0;32m  OK  [0m] Closed LXD - unix socket.
[[0;32m  OK  [0m] Closed Open-iSCSI iscsid Socket.
[[0;32m  OK  [0m] Closed ACPID Listen Socket.
[[0;32m  OK  [0m] Stopped target System Initialization.
         Stopping Update UTMP about System Boot/Shutdown...
         Stopping Load/Save Random Seed...
[[0;32m  OK  [0m] Stopped Apply Kernel Variables.
[[0;32m  OK  [0m] Stopped Load Kernel Modules.
[[0;32m  OK  [0m] Stopped Initial cloud-init job (metadata service crawler).
[[0;32m  OK  [0m] Stopped Initial cloud-init job (pre-networking).
[[0;32m  OK  [0m] Stopped target Local Encrypted Volumes.
[[0;32m  OK  [0m] Stopped Dispatch Password Requests to Console Directory Watch.
[[0;32m  OK  [0m] Stopped Forward Password Requests to Wall Directory Watch.
[[0;32m  OK  [0m] Stopped target Slices.
[[0;32m  OK  [0m] Removed slice User and Session Slice.
[[0;32m  OK  [0m] Stopped Load/Save Random Seed.
[[0;32m  OK  [0m] Stopped Update UTMP about System Boot/Shutdown.
[[0;32m  OK  [0m] Stopped Create Volatile Files and Directories.
[[0;32m  OK  [0m] Stopped target Local File Systems.
         Unmounting /run/user/1000...
[[0;32m  OK  [0m] Unmounted /run/user/1000.
[[0;32m  OK  [0m] Reached target Unmount All Filesystems.
[[0;32m  OK  [0m] Stopped target Swap.
[[0;32m  OK  [0m] Stopped target Local File Systems (Pre).
[[0;32m  OK  [0m] Stopped Remount Root and Kernel File Systems.
[[0;32m  OK  [0m] Stopped Create Static Device Nodes in /dev.
[[0;32m  OK  [0m] Reached target Shutdown.
[[0;32m  OK  [0m] Reached target Final Step.
         Starting Power-Off...
         Stopping Monitoring of LVM2 mirrorsâ€¦ng dmeventd or progress polling...
[[0;32m  OK  [0m] Stopped Monitoring of LVM2 mirrors,â€¦sing dmeventd or progress polling.
         Stopping LVM2 metadata daemon...
[[0;32m  OK  [0m] Stopped LVM2 metadata daemon.
[ 7706.247148] reboot: Power down
